
> site-cpps@0.0.1 build
> astro build && pagefind --site ./dist

09:22:07 [@astrojs/cloudflare] Enabling sessions with Cloudflare KV with the "SESSION" KV binding.
09:22:07 [@astrojs/cloudflare] If you see the error "Invalid binding `SESSION`" in your build output, you need to add the binding to your wrangler config file.
09:22:07 [WARN] [pagefind] Output type `server` does not produce static *.html pages in its output and thus will not work with astro-pagefind integration.

Auto-generating collections for folders in "src/content/" that are not defined as collections.
This is deprecated, so you should define these collections yourself in "src/content.config.ts".
The following collections have been auto-generated: publicacoes

09:22:07 [content] Syncing content
09:22:07 [content] Synced content
09:22:07 [types] Generated 663ms
09:22:07 [build] output: "server"
09:22:07 [build] mode: "server"
09:22:07 [build] directory: /app/dist/
09:22:07 [build] adapter: @astrojs/cloudflare
09:22:07 [build] Collecting build info...
09:22:07 [build] ✓ Completed in 702ms.
09:22:07 [build] Building server entrypoints...
09:22:09 [WARN] [vite] [plugin vite:resolve] Automatically externalized node built-in module "node:path/posix" imported from "node_modules/astro-pagefind/src/components/Search.astro". Consider adding it to environments.ssr.external if it is intended.
/*! 🌼 daisyUI 5.5.18 */
Found 2 warnings while optimizing generated CSS:

Issue #1:
[2m│ }[22m
[2m│ @layer base {[22m
[2m│[22m   @property --radialprogress {
[2m┆[22m            [33m[2m^--[22m Unknown at rule: @property[39m
[2m┆[22m
[2m│     syntax: "<percentage>";[22m
[2m│     inherits: true;[22m

Issue #2:
[2m│ }[22m
[2m│ @layer base {[22m
[2m│[22m   @property --radialprogress {
[2m┆[22m            [33m[2m^--[22m Unknown at rule: @property[39m
[2m┆[22m
[2m│     syntax: "<percentage>";[22m
[2m│     inherits: true;[22m

09:22:11 [vite] ✓ built in 3.94s
09:22:11 [build] ✓ Completed in 4.00s.

 building client (vite)
09:22:11 [vite] transforming...
09:22:11 [vite] ✓ 6 modules transformed.
09:22:12 [vite] rendering chunks...
09:22:12 [vite] computing gzip size...
09:22:12 [vite] dist/_astro/Search.astro_astro_type_script_index_0_lang.tZYucdM2.js  74.58 kB │ gzip: 23.59 kB
09:22:12 [vite] ✓ built in 288ms

 prerendering static routes
09:22:12 ▶ src/pages/docs/index.astro
09:22:12   └─ /docs/index.html (+24ms)
09:22:12 ▶ src/pages/docs/[...slug].astro
09:22:12   ├─ /docs/guia-edicao/index.html (+27ms)
09:22:12   ├─ /docs/docs/index.html (+10ms)
09:22:12   ├─ /docs/projetos/index.html (+6ms)
09:22:12   ├─ /docs/projetos/dados/index.html (+9ms)
09:22:12   ├─ /docs/projetos/ensino/assinatura/index.html (+6ms)
09:22:12   ├─ /docs/projetos/ensino/id-visual/index.html (+7ms)
09:22:12   ├─ /docs/projetos/ensino/index.html (+6ms)
09:22:12   ├─ /docs/projetos/ensino/iniciativas/index.html (+9ms)
09:22:12   ├─ /docs/projetos/dados/acervorodalint/atividades/index.html (+6ms)
09:22:12   ├─ /docs/projetos/extensao/index.html (+5ms)
09:22:12   ├─ /docs/projetos/dados/acervorodalint/citar/index.html (+8ms)
09:22:12   ├─ /docs/projetos/dados/acervorodalint/documentacao/index.html (+4ms)
09:22:12   ├─ /docs/projetos/dados/acervorodalint/equipe/index.html (+8ms)
09:22:12   ├─ /docs/projetos/dados/acervorodalint/index.html (+6ms)
09:22:12   ├─ /docs/projetos/dados/diariosbr/atividades/index.html (+4ms)
09:22:12   ├─ /docs/projetos/dados/diariosbr/equipe/index.html (+4ms)
09:22:12   ├─ /docs/projetos/dados/diariosbr/index.html (+4ms)
09:22:12   ├─ /docs/projetos/dados/fulltext/atividades/index.html (+5ms)
09:22:12   ├─ /docs/projetos/dados/fulltext/citar/index.html (+5ms)
09:22:12   ├─ /docs/projetos/dados/diariosbr/como-citar/index.html (+4ms)
09:22:12   ├─ /docs/projetos/dados/fulltext/equipe/index.html (+4ms)
09:22:12   ├─ /docs/projetos/dados/fulltext/identidade-visual/index.html (+6ms)
09:22:12   ├─ /docs/projetos/dados/fulltext/index.html (+10ms)
09:22:12   ├─ /docs/projetos/dados/govlatinamerica/atividades/index.html (+8ms)
09:22:12   ├─ /docs/projetos/dados/govlatinamerica/citar/index.html (+4ms)
09:22:12   ├─ /docs/projetos/dados/govlatinamerica/dados/index.html (+4ms)
09:22:12   ├─ /docs/projetos/dados/govlatinamerica/documentacao/index.html (+4ms)
09:22:12   ├─ /docs/projetos/dados/govlatinamerica/equipe/index.html (+6ms)
09:22:12   ├─ /docs/projetos/dados/govlatinamerica/identidade/index.html (+5ms)
09:22:12   ├─ /docs/projetos/dados/govlatinamerica/index.html (+4ms)
09:22:12   ├─ /docs/projetos/dados/hemeroteca-peb/atividades/index.html (+6ms)
09:22:12   ├─ /docs/projetos/dados/hemeroteca-peb/documentacao/index.html (+27ms)
09:22:12   ├─ /docs/projetos/dados/hemeroteca-peb/equipe/index.html (+5ms)
09:22:12   ├─ /docs/projetos/dados/hemeroteca-peb/index.html (+4ms)
09:22:12   ├─ /docs/projetos/dados/irjournals/atividades/index.html (+4ms)
09:22:12   ├─ /docs/projetos/dados/irjournals/citar/index.html (+4ms)
09:22:12   ├─ /docs/projetos/dados/irjournals/equipe/index.html (+6ms)
09:22:12   ├─ /docs/projetos/dados/irjournals/identidade/index.html (+7ms)
09:22:12   ├─ /docs/projetos/dados/irjournals/index.html (+4ms)
09:22:12   ├─ /docs/projetos/dados/internet-ri/atividades/index.html (+4ms)
09:22:12   ├─ /docs/projetos/dados/internet-ri/citar/index.html (+4ms)
09:22:12   ├─ /docs/projetos/dados/internet-ri/documentacao/index.html (+4ms)
09:22:12   ├─ /docs/projetos/dados/internet-ri/equipe/index.html (+4ms)
09:22:12   ├─ /docs/projetos/dados/mercodocs/atividades/index.html (+4ms)
09:22:12   ├─ /docs/projetos/dados/mercodocs/como-citar/index.html (+4ms)
09:22:12   ├─ /docs/projetos/dados/mercodocs/documentacao/index.html (+10ms)
09:22:12   ├─ /docs/projetos/dados/internet-ri/index.html (+4ms)
09:22:12   ├─ /docs/projetos/dados/mercodocs/equipe/index.html (+4ms)
09:22:12   ├─ /docs/projetos/dados/mercodocs/index.html (+4ms)
09:22:12   ├─ /docs/projetos/dados/newscloud/apresentacao/index.html (+4ms)
09:22:12   ├─ /docs/projetos/dados/newscloud/atividades/index.html (+4ms)
09:22:12   ├─ /docs/projetos/dados/newscloud/como-citar/index.html (+8ms)
09:22:12   ├─ /docs/projetos/dados/newscloud/equipe/index.html (+4ms)
09:22:12   ├─ /docs/projetos/dados/newscloud/index.html (+4ms)
09:22:12   ├─ /docs/projetos/dados/newscloud/informacoes/index.html (+4ms)
09:22:12   ├─ /docs/projetos/dados/tweepina/atividades/index.html (+4ms)
09:22:12   ├─ /docs/projetos/dados/tweepina/citar/index.html (+4ms)
09:22:12   ├─ /docs/projetos/dados/tweepina/equipe/index.html (+4ms)
09:22:12   ├─ /docs/projetos/dados/tweepina/identidade-visual/index.html (+4ms)
09:22:12   ├─ /docs/projetos/dados/tweepina/index.html (+4ms)
09:22:12   ├─ /docs/projetos/ensino/acessoremoto/index.html (+4ms)
09:22:12   ├─ /docs/projetos/ensino/acessoremoto/instruir/index.html (+8ms)
09:22:12   ├─ /docs/projetos/ensino/acessoremoto/solicitar-acesso/index.html (+4ms)
09:22:12   ├─ /docs/projetos/ensino/acessoremoto/tutoriais/index.html (+4ms)
09:22:12   ├─ /docs/projetos/ensino/curso/index.html (+4ms)
09:22:12   ├─ /docs/projetos/ensino/filezilla/configuracao/index.html (+8ms)
09:22:12   ├─ /docs/projetos/ensino/filezilla/index.html (+4ms)
09:22:12   ├─ /docs/projetos/ensino/materialbibliografico/classicos-ipri/index.html (+8ms)
09:22:12   ├─ /docs/projetos/ensino/acessoremoto/explicar/index.html (+10ms)
09:22:12   ├─ /docs/projetos/ensino/materialbibliografico/dicas-base-de-dados/index.html (+4ms)
09:22:12   ├─ /docs/projetos/ensino/materialbibliografico/index.html (+4ms)
09:22:12   ├─ /docs/projetos/ensino/processarimagens/02-formatos/index.html (+11ms)
09:22:12   ├─ /docs/projetos/ensino/materialbibliografico/mapas/index.html (+6ms)
09:22:12   ├─ /docs/projetos/ensino/processarimagens/index.html (+9ms)
09:22:12   ├─ /docs/projetos/ensino/recoll/02-colaboradores/index.html (+6ms)
09:22:12   ├─ /docs/projetos/ensino/processarimagens/03-ocr/index.html (+5ms)
09:22:12   ├─ /docs/projetos/ensino/recoll/03-atividades/index.html (+4ms)
09:22:12   ├─ /docs/projetos/ensino/recoll/04-doc/index.html (+4ms)
09:22:12   ├─ /docs/projetos/ensino/recoll/05-conceitos/index.html (+5ms)
09:22:12   ├─ /docs/projetos/ensino/recoll/06-configurando/index.html (+6ms)
09:22:12   ├─ /docs/projetos/ensino/recoll/07-utilizando/index.html (+4ms)
09:22:12   ├─ /docs/projetos/ensino/recoll/08-pesquisas/index.html (+4ms)
09:22:12   ├─ /docs/projetos/ensino/tecnologiasdigitais/id-visual/index.html (+4ms)
09:22:12   ├─ /docs/projetos/ensino/tecnologiasdigitais/index.html (+4ms)
09:22:12   ├─ /docs/projetos/ensino/recoll/index.html (+4ms)
09:22:12   ├─ /docs/projetos/ensino/tecnologiasdigitais/intro/index.html (+4ms)
09:22:12   ├─ /docs/projetos/ensino/tfdt/id-visual/index.html (+4ms)
09:22:12   ├─ /docs/projetos/ensino/tfdt/index.html (+4ms)
09:22:12   ├─ /docs/projetos/ensino/tfdt/indicacoes/index.html (+4ms)
09:22:12   ├─ /docs/projetos/extensao/cidades-sustentaveis/index.html (+4ms)
09:22:12   ├─ /docs/projetos/extensao/conhecer-para-acolher/index.html (+4ms)
09:22:12   ├─ /docs/projetos/extensao/covid19/grupos-trabalho/index.html (+4ms)
09:22:12   ├─ /docs/projetos/extensao/covid19/postagens/index.html (+3ms)
09:22:12   ├─ /docs/projetos/extensao/pod-ri/01-intro/index.html (+6ms)
09:22:12   ├─ /docs/projetos/extensao/covid19/id-visual/index.html (+4ms)
09:22:12   ├─ /docs/projetos/extensao/ricoronavirus/02-grupos-trabalho/index.html (+4ms)
09:22:12   ├─ /docs/projetos/extensao/ricoronavirus/04-postagens/index.html (+3ms)
09:22:12   ├─ /docs/projetos/extensao/ricoronavirus/05-id-visual/index.html (+4ms)
09:22:12   ├─ /docs/projetos/extensao/ricoronavirus/01-intro/index.html (+26ms)
09:22:12   ├─ /docs/projetos/sistemas/cadernoslabri/01-cadernos/index.html (+5ms)
09:22:12   ├─ /docs/projetos/sistemas/cadernoslabri/02-cadernos/index.html (+4ms)
09:22:12   ├─ /docs/projetos/sistemas/cadernoslabri/02-proximos/index.html (+5ms)
09:22:12   ├─ /docs/projetos/sistemas/cadernoslabri/03-cadernos/index.html (+3ms)
09:22:12   ├─ /docs/projetos/sistemas/cadernoslabri/03-comandos-linux/index.html (+4ms)
09:22:12   ├─ /docs/projetos/sistemas/cadernoslabri/04-cadernos/index.html (+4ms)
09:22:12   ├─ /docs/projetos/sistemas/cadernoslabri/04-editor-codigo/index.html (+4ms)
09:22:12   ├─ /docs/projetos/sistemas/cadernoslabri/05-cadernos/index.html (+4ms)
09:22:12   ├─ /docs/projetos/sistemas/cadernoslabri/06-ambiente-virtual/index.html (+4ms)
09:22:12   ├─ /docs/projetos/sistemas/cadernoslabri/07-ambiente-virtual-windows/index.html (+7ms)
09:22:12   ├─ /docs/projetos/sistemas/cadernoslabri/05-versionamento/index.html (+4ms)
09:22:12   ├─ /docs/projetos/sistemas/cadernoslabri/07-cadernos/index.html (+4ms)
09:22:12   ├─ /docs/projetos/sistemas/cadernoslabri/07-tipos-dados-basicos/index.html (+7ms)
09:22:12   ├─ /docs/projetos/sistemas/cadernoslabri/08-cadernos/index.html (+3ms)
09:22:12   ├─ /docs/projetos/sistemas/cadernoslabri/09-cadernos/index.html (+4ms)
09:22:12   ├─ /docs/projetos/sistemas/cadernoslabri/10-cadernos/index.html (+4ms)
09:22:12   ├─ /docs/projetos/sistemas/cadernoslabri/index.html (+3ms)
09:22:12   ├─ /docs/projetos/sistemas/infraestrutura/atividades/index.html (+4ms)
09:22:12   ├─ /docs/projetos/sistemas/infraestrutura/index.html (+4ms)
09:22:12   ├─ /docs/projetos/sistemas/ocr/index.html (+3ms)
09:22:12   ├─ /docs/projetos/sistemas/sistemacertificados/index.html (+4ms)
09:22:12   ├─ /docs/projetos/dados/diariosbr/documentacao/banco/index.html (+4ms)
09:22:12   ├─ /docs/projetos/dados/diariosbr/documentacao/dados/index.html (+4ms)
09:22:12   ├─ /docs/projetos/sistemas/websites/01-intro-md/index.html (+7ms)
09:22:12   ├─ /docs/projetos/sistemas/websites/02-atividades/index.html (+3ms)
09:22:12   ├─ /docs/projetos/dados/diariosbr/documentacao/fluxograma/index.html (+3ms)
09:22:12   ├─ /docs/projetos/dados/diariosbr/documentacao/introducao/index.html (+4ms)
09:22:12   ├─ /docs/projetos/dados/diariosbr/documentacao/localizacao/index.html (+4ms)
09:22:12   ├─ /docs/projetos/dados/hemeroteca-peb/como-citar/index.html (+4ms)
09:22:12   ├─ /docs/projetos/dados/hemeroteca-peb/documentacao/arquivo-json/index.html (+3ms)
09:22:12   ├─ /docs/projetos/dados/hemeroteca-peb/documentacao/introducao/index.html (+3ms)
09:22:12   ├─ /docs/projetos/dados/hemeroteca-peb/documentacao/temas/index.html (+4ms)
09:22:12   ├─ /docs/projetos/dados/irjournals/documentacao/arquivos/index.html (+5ms)
09:22:12   ├─ /docs/projetos/dados/irjournals/documentacao/introducao/index.html (+4ms)
09:22:12   ├─ /docs/projetos/dados/irjournals/documentacao/loca/index.html (+4ms)
09:22:12   ├─ /docs/projetos/dados/irjournals/documentacao/metadados/index.html (+3ms)
09:22:12   ├─ /docs/projetos/dados/irjournals/documentacao/revistas/index.html (+3ms)
09:22:12   ├─ /docs/projetos/dados/irjournals/documentacao/pastas/index.html (+6ms)
09:22:12   ├─ /docs/projetos/dados/open-journals-data/infos/metadados/index.html (+4ms)
09:22:12   ├─ /docs/projetos/dados/newscloud/documentacao/brasil/index.html (+4ms)
09:22:12   ├─ /docs/projetos/dados/newscloud/documentacao/colombia/index.html (+4ms)
09:22:12   ├─ /docs/projetos/dados/newscloud/documentacao/elementos-bd/index.html (+4ms)
09:22:12   ├─ /docs/projetos/dados/newscloud/documentacao/elementos-peru/index.html (+3ms)
09:22:12   ├─ /docs/projetos/dados/newscloud/documentacao/equador/index.html (+3ms)
09:22:12   ├─ /docs/projetos/dados/newscloud/documentacao/fluxograma/index.html (+3ms)
09:22:12   ├─ /docs/projetos/dados/newscloud/documentacao/introducao/index.html (+3ms)
09:22:12   ├─ /docs/projetos/dados/tweepina/infos/biblioteca/index.html (+4ms)
09:22:12   ├─ /docs/projetos/dados/tweepina/infos/fluxograma/index.html (+4ms)
09:22:12   ├─ /docs/projetos/dados/tweepina/infos/identificacao/index.html (+4ms)
09:22:12   ├─ /docs/projetos/dados/tweepina/infos/intro/index.html (+4ms)
09:22:12   ├─ /docs/projetos/dados/tweepina/infos/projetos/index.html (+4ms)
09:22:12   ├─ /docs/projetos/dados/tweepina/infos/variaveis/index.html (+6ms)
09:22:12   ├─ /docs/projetos/dados/tweepina/infos/script/index.html (+3ms)
09:22:12   ├─ /docs/projetos/ensino/processarimagens/scanners/avision/index.html (+4ms)
09:22:12   ├─ /docs/projetos/ensino/processarimagens/scanners/hp-laserjet/index.html (+3ms)
09:22:12   ├─ /docs/projetos/ensino/processarimagens/scanners/plustek-3800/index.html (+3ms)
09:22:13   ├─ /docs/projetos/ensino/processarimagens/scanners/plustek-ps286/index.html (+3ms)
09:22:13   ├─ /docs/projetos/ensino/tecnologiasdigitais/anotacoes/intro/index.html (+4ms)
09:22:13   ├─ /docs/projetos/ensino/tecnologiasdigitais/audio/intro/index.html (+4ms)
09:22:13   ├─ /docs/projetos/ensino/tecnologiasdigitais/conhecimentos/intro/index.html (+4ms)
09:22:13   ├─ /docs/projetos/ensino/tecnologiasdigitais/buscadores/intro/index.html (+7ms)
09:22:13   ├─ /docs/projetos/ensino/tecnologiasdigitais/google-docs/intro/index.html (+5ms)
09:22:13   ├─ /docs/projetos/ensino/tecnologiasdigitais/edicao-texto/intro/index.html (+6ms)
09:22:13   ├─ /docs/projetos/ensino/tecnologiasdigitais/mapas-mentais/intro/index.html (+5ms)
09:22:13   ├─ /docs/projetos/sistemas/infraestrutura/infra-labriunesp/bios/index.html (+4ms)
09:22:13   ├─ /docs/projetos/sistemas/infraestrutura/infra-labriunesp/dualboot/index.html (+3ms)
09:22:13   ├─ /docs/projetos/sistemas/infraestrutura/infra-labriunesp/equipslabri/index.html (+6ms)
09:22:13   ├─ /docs/projetos/sistemas/infraestrutura/infra-labriunesp/scanners/index.html (+3ms)
09:22:13   ├─ /docs/projetos/sistemas/infraestrutura/infraipriunesp/fapesp/index.html (+4ms)
09:22:13   ├─ /docs/projetos/sistemas/infraestrutura/linux/03-tela-preta/index.html (+4ms)
09:22:13   ├─ /docs/projetos/sistemas/infraestrutura/linux/04-acesso-remoto/index.html (+4ms)
09:22:13   ├─ /docs/projetos/sistemas/infraestrutura/linux/alterar-nome-pc/index.html (+3ms)
09:22:13   ├─ /docs/projetos/sistemas/infraestrutura/linux/atualizar/index.html (+3ms)
09:22:13   ├─ /docs/projetos/sistemas/infraestrutura/linux/formatar-hd/index.html (+3ms)
09:22:13   ├─ /docs/projetos/sistemas/infraestrutura/linux/info-hardware/index.html (+4ms)
09:22:13   ├─ /docs/projetos/sistemas/infraestrutura/linux/initrafms-boot/index.html (+4ms)
09:22:13   ├─ /docs/projetos/sistemas/infraestrutura/linux/lock-screen/index.html (+4ms)
09:22:13   ├─ /docs/projetos/sistemas/infraestrutura/linux/rein-network/index.html (+4ms)
09:22:13   ├─ /docs/projetos/sistemas/infraestrutura/linux/reparar-fsck/index.html (+5ms)
09:22:13   ├─ /docs/projetos/sistemas/infraestrutura/linux/resolucao-erros/index.html (+3ms)
09:22:13   ├─ /docs/projetos/sistemas/infraestrutura/linux/senha-root/index.html (+7ms)
09:22:13   ├─ /docs/projetos/sistemas/infraestrutura/linux/tutorial-pendrive/index.html (+4ms)
09:22:13   ├─ /docs/projetos/sistemas/infraestrutura/linux/ubuntu-initrafms/index.html (+4ms)
09:22:13   ├─ /docs/projetos/sistemas/infraestrutura/linux/usuarios/index.html (+4ms)
09:22:13   ├─ /docs/projetos/sistemas/infraestrutura/linux/ventoy/index.html (+4ms)
09:22:13   ├─ /docs/projetos/sistemas/infraestrutura/linux/verificar-linux/index.html (+4ms)
09:22:13   ├─ /docs/projetos/sistemas/infraestrutura/redes/google-authenticador/index.html (+4ms)
09:22:13   ├─ /docs/projetos/sistemas/websites/editar/02-editar-paginas/index.html (+4ms)
09:22:13   ├─ /docs/projetos/sistemas/websites/editar/01-acessar/index.html (+4ms)
09:22:13   ├─ /docs/projetos/sistemas/websites/editar/02-estrutura/index.html (+3ms)
09:22:13   ├─ /docs/projetos/sistemas/websites/editar/03-equipe/index.html (+4ms)
09:22:13   ├─ /docs/projetos/sistemas/websites/editar/04-arquivos-md/index.html (+4ms)
09:22:13   ├─ /docs/projetos/sistemas/websites/editar/05-docusaurus/index.html (+3ms)
09:22:13   ├─ /docs/projetos/sistemas/websites/editar/06-sidebar/index.html (+4ms)
09:22:13   ├─ /docs/projetos/sistemas/websites/editar/07-infos-estaticas/index.html (+11ms)
09:22:13   ├─ /docs/projetos/sistemas/websites/editar/08-cadernos/index.html (+4ms)
09:22:13   ├─ /docs/projetos/sistemas/websites/editar/09-paginas-js/index.html (+4ms)
09:22:13   ├─ /docs/projetos/sistemas/websites/editar/gepdai/index.html (+16ms)
09:22:13   ├─ /docs/projetos/sistemas/websites/markdown/01-geral/index.html (+4ms)
09:22:13   ├─ /docs/projetos/sistemas/websites/markdown/02-especifico/index.html (+4ms)
09:22:13   ├─ /docs/projetos/ensino/tfdt/trilha/trilha-dados-r/01-intro/index.html (+4ms)
09:22:13   ├─ /docs/projetos/ensino/tfdt/trilha/trilha-dados-r/02-howto/index.html (+4ms)
09:22:13   ├─ /docs/projetos/ensino/tfdt/trilha/trilha-dados-r/03-codedoc/index.html (+4ms)
09:22:13   ├─ /docs/projetos/ensino/tfdt/trilha/trilha-js/03-css/index.html (+4ms)
09:22:13   ├─ /docs/projetos/ensino/tfdt/trilha/trilha-js/02-html/index.html (+4ms)
09:22:13   ├─ /docs/projetos/ensino/tfdt/trilha/trilha-js/01-intro/index.html (+3ms)
09:22:13   ├─ /docs/projetos/ensino/tfdt/trilha/trilha-js/04-js/index.html (+6ms)
09:22:13   ├─ /docs/projetos/ensino/tfdt/trilha/trilha-js/05-exercicios-js/index.html (+9ms)
09:22:13   ├─ /docs/projetos/ensino/tfdt/trilha/trilha-js/06-jaquery/index.html (+4ms)
09:22:13   ├─ /docs/projetos/ensino/tfdt/trilha/trilha-js/07-bootstrap/index.html (+4ms)
09:22:13   ├─ /docs/projetos/ensino/tfdt/trilha/trilha-js/08-acessibilidade-web/index.html (+4ms)
09:22:13   ├─ /docs/projetos/ensino/tfdt/trilha/trilha-js/09-react/index.html (+4ms)
09:22:13   ├─ /docs/projetos/ensino/tfdt/trilha/trilha-js/11-nodejs/index.html (+4ms)
09:22:13   ├─ /docs/projetos/ensino/tfdt/trilha/trilha-js/12-sass/index.html (+3ms)
09:22:13   ├─ /docs/projetos/sistemas/infraestrutura/infra-as-code/ansible/01-ansible/index.html (+4ms)
09:22:13   ├─ /docs/projetos/ensino/tfdt/trilha/trilha-js/10-d3/index.html (+3ms)
09:22:13   ├─ /docs/projetos/sistemas/infraestrutura/infra-as-code/ansible/apoio/index.html (+3ms)
09:22:13   ├─ /docs/projetos/sistemas/infraestrutura/infra-as-code/terraform/02-terraform/index.html (+7ms)
09:22:13   ├─ /docs/projetos/sistemas/infraestrutura/infra-as-code/terraform/apoio/index.html (+4ms)
09:22:13   ├─ /docs/projetos/sistemas/infraestrutura/infra-labriunesp/bios/01-dell/index.html (+3ms)
09:22:13   ├─ /docs/projetos/sistemas/infraestrutura/infra-labriunesp/bios/02-ibm/index.html (+4ms)
09:22:13   ├─ /docs/projetos/sistemas/infraestrutura/infra-labriunesp/bios/03-ryzen/index.html (+8ms)
09:22:13   ├─ /docs/projetos/sistemas/infraestrutura/infra-labriunesp/bios/04-118/index.html (+4ms)
09:22:13   ├─ /docs/projetos/sistemas/infraestrutura/infra-labriunesp/bios/06-hp-ml30-gen9/index.html (+4ms)
09:22:13   ├─ /docs/projetos/sistemas/infraestrutura/infra-labriunesp/bios/07-123/index.html (+3ms)
09:22:13   ├─ /docs/projetos/sistemas/infraestrutura/infra-labriunesp/bios/08-itautec/index.html (+3ms)
09:22:13   ├─ /docs/projetos/sistemas/infraestrutura/infra-labriunesp/bios/5-119/index.html (+4ms)
09:22:13   ├─ /docs/projetos/sistemas/infraestrutura/redes/container/01-intro/index.html (+4ms)
09:22:13   ├─ /docs/projetos/sistemas/infraestrutura/redes/container/apoio/index.html (+4ms)
09:22:13   ├─ /docs/projetos/sistemas/infraestrutura/redes/firewall/01-intro/index.html (+7ms)
09:22:13   ├─ /docs/projetos/sistemas/infraestrutura/redes/firewall/apoio/index.html (+4ms)
09:22:13   ├─ /docs/projetos/sistemas/infraestrutura/redes/proxmox/01-intro/index.html (+4ms)
09:22:13   ├─ /docs/projetos/sistemas/infraestrutura/redes/proxmox/02-intalacao/index.html (+4ms)
09:22:13   ├─ /docs/projetos/sistemas/infraestrutura/redes/proxmox/06-zfs/index.html (+4ms)
09:22:13   ├─ /docs/projetos/sistemas/infraestrutura/redes/proxmox/apoio/index.html (+3ms)
09:22:13   ├─ /docs/projetos/sistemas/infraestrutura/redes/proxmox/storage/index.html (+3ms)
09:22:13   ├─ /docs/projetos/sistemas/infraestrutura/redes/rancher/01-intro/index.html (+6ms)
09:22:13   ├─ /docs/projetos/sistemas/infraestrutura/redes/rancher/apoio/index.html (+3ms)
09:22:13   ├─ /docs/projetos/sistemas/infraestrutura/redes/kubernetes/01-intro/index.html (+4ms)
09:22:13   ├─ /docs/projetos/sistemas/infraestrutura/redes/kubernetes/apoio/index.html (+3ms)
09:22:13   ├─ /docs/projetos/ensino/tfdt/trilha/paradas/ambiente/01-intro/index.html (+5ms)
09:22:13   ├─ /docs/projetos/ensino/tfdt/trilha/paradas/ambiente/04-comandos-linux/index.html (+4ms)
09:22:13   ├─ /docs/projetos/ensino/tfdt/trilha/paradas/ambiente/05-editor-codigo/index.html (+9ms)
09:22:13   ├─ /docs/projetos/ensino/tfdt/trilha/paradas/ambiente/06-ambiente-virtual/index.html (+4ms)
09:22:13   ├─ /docs/projetos/ensino/tfdt/trilha/paradas/ambiente/07-certificacao/index.html (+4ms)
09:22:13   ├─ /docs/projetos/ensino/tfdt/trilha/paradas/analise-dados/00-intro/index.html (+4ms)
09:22:13   ├─ /docs/projetos/ensino/tfdt/trilha/paradas/analise-dados/01-00-conceitos-basicos/index.html (+4ms)
09:22:13   ├─ /docs/projetos/ensino/tfdt/trilha/paradas/analise-dados/01-01-pandas-series-e-dataframe/index.html (+3ms)
09:22:13   ├─ /docs/projetos/ensino/tfdt/trilha/paradas/analise-dados/01-02-propriedades-basicas/index.html (+4ms)
09:22:13   ├─ /docs/projetos/ensino/tfdt/trilha/paradas/analise-dados/01-03-consulta-e-modificacao/index.html (+7ms)
09:22:13   ├─ /docs/projetos/ensino/tfdt/trilha/paradas/analise-dados/01-04-trabalhando-com-arquivos/index.html (+4ms)
09:22:13   ├─ /docs/projetos/ensino/tfdt/trilha/paradas/analise-dados/02-gerar-graficos/index.html (+4ms)
09:22:13   ├─ /docs/projetos/ensino/tfdt/trilha/paradas/analise-dados/03-combinando-dataframes/index.html (+4ms)
09:22:13   ├─ /docs/projetos/ensino/tfdt/trilha/paradas/banco-dados/intro/index.html (+4ms)
09:22:13   ├─ /docs/projetos/ensino/tfdt/trilha/paradas/coleta-dados/intro/index.html (+5ms)
09:22:13   ├─ /docs/projetos/ensino/tfdt/trilha/paradas/analise-dados/04-tratamento-de-dados/index.html (+4ms)
09:22:13   ├─ /docs/projetos/ensino/tfdt/trilha/paradas/fundamentos-python/01-intro/index.html (+4ms)
09:22:13   ├─ /docs/projetos/ensino/tfdt/trilha/paradas/metodos-quanti/intro/index.html (+4ms)
09:22:13   ├─ /docs/projetos/ensino/tfdt/trilha/paradas/ambiente/markdown/01-nocoes-gerais/index.html (+4ms)
09:22:13   ├─ /docs/projetos/ensino/tfdt/trilha/paradas/ambiente/markdown/02-sintaxe/index.html (+3ms)
09:22:13   ├─ /docs/projetos/ensino/tfdt/trilha/paradas/ambiente/markdown/03-criar-github-profile/index.html (+3ms)
09:22:13   ├─ /docs/projetos/ensino/tfdt/trilha/paradas/ambiente/versionamento/01a-nocoes_gerais/index.html (+4ms)
09:22:13   ├─ /docs/projetos/ensino/tfdt/trilha/paradas/ambiente/versionamento/02a-dinamica_versionamento/index.html (+3ms)
09:22:13   ├─ /docs/projetos/ensino/tfdt/trilha/paradas/fundamentos-python/basico-01/certificacao/index.html (+7ms)
09:22:13   ├─ /docs/projetos/ensino/tfdt/trilha/paradas/fundamentos-python/basico-03/bibliotecas/index.html (+4ms)
09:22:13   ├─ /docs/projetos/ensino/tfdt/trilha/paradas/fundamentos-python/basico-03/certificacao/index.html (+3ms)
09:22:13   ├─ /docs/projetos/ensino/tfdt/trilha/paradas/fundamentos-python/basico-01/zen-do-python/index.html (+3ms)
09:22:13   ├─ /docs/projetos/ensino/tfdt/trilha/paradas/fundamentos-python/basico-03/arquivos/index.html (+4ms)
09:22:13   ├─ /docs/projetos/ensino/tfdt/trilha/paradas/fundamentos-python/basico-01/funcao/index.html (+4ms)
09:22:13   ├─ /docs/projetos/ensino/tfdt/trilha/paradas/fundamentos-python/basico-03/diretorios/index.html (+4ms)
09:22:13   ├─ /docs/projetos/ensino/tfdt/trilha/paradas/fundamentos-python/basico-02/certificacao/index.html (+4ms)
09:22:13   ├─ /docs/projetos/ensino/tfdt/trilha/paradas/fundamentos-python/basico-02/mutabilidade/index.html (+4ms)
09:22:13   ├─ /docs/projetos/ensino/tfdt/trilha/paradas/fundamentos-python/intermediario/certificacao/index.html (+5ms)
09:22:13   ├─ /docs/projetos/ensino/tfdt/trilha/paradas/fundamentos-python/intermediario/encode/index.html (+3ms)
09:22:13   ├─ /docs/projetos/ensino/tfdt/trilha/paradas/fundamentos-python/intermediario/itertools/index.html (+4ms)
09:22:13   ├─ /docs/projetos/ensino/tfdt/trilha/paradas/fundamentos-python/intermediario/listas/index.html (+10ms)
09:22:13   ├─ /docs/projetos/ensino/tfdt/trilha/paradas/fundamentos-python/intermediario/objetos/index.html (+4ms)
09:22:13   ├─ /docs/projetos/ensino/tfdt/trilha/paradas/ambiente/versionamento/repositorio/03b-criar_repositorio/index.html (+8ms)
09:22:13   ├─ /docs/projetos/ensino/tfdt/trilha/paradas/ambiente/versionamento/repositorio/03a-tipos_licencas/index.html (+4ms)
09:22:13   ├─ /docs/projetos/ensino/tfdt/trilha/paradas/ambiente/versionamento/repositorio/03c-acessar_repositorio/index.html (+3ms)
09:22:13   ├─ /docs/projetos/ensino/tfdt/trilha/paradas/ambiente/versionamento/utilizando-git/04a-git_basico/index.html (+4ms)
09:22:13   ├─ /docs/projetos/ensino/tfdt/trilha/paradas/fundamentos-python/basico-01/tipos-basicos/conversao-de-tipos/index.html (+4ms)
09:22:13   ├─ /docs/projetos/ensino/tfdt/trilha/paradas/fundamentos-python/basico-01/tipos-basicos/operadores/index.html (+4ms)
09:22:13   ├─ /docs/projetos/ensino/tfdt/trilha/paradas/fundamentos-python/basico-01/tipos-basicos/strings/index.html (+4ms)
09:22:13   ├─ /docs/projetos/ensino/tfdt/trilha/paradas/fundamentos-python/basico-01/tipos-basicos/variaveis-numeros/index.html (+4ms)
09:22:13   ├─ /docs/projetos/ensino/tfdt/trilha/paradas/fundamentos-python/basico-02/controle-fluxo/booleanos/index.html (+4ms)
09:22:13   ├─ /docs/projetos/ensino/tfdt/trilha/paradas/fundamentos-python/basico-02/controle-fluxo/declaracao-controle/index.html (+4ms)
09:22:13   ├─ /docs/projetos/ensino/tfdt/trilha/paradas/fundamentos-python/basico-02/tipos-avancados/conjuntos/index.html (+4ms)
09:22:13   ├─ /docs/projetos/ensino/tfdt/trilha/paradas/fundamentos-python/basico-02/tipos-avancados/dicionarios/index.html (+3ms)
09:22:13   ├─ /docs/projetos/ensino/tfdt/trilha/paradas/fundamentos-python/basico-02/tipos-avancados/listas/index.html (+3ms)
09:22:13   ├─ /docs/projetos/ensino/tfdt/trilha/paradas/fundamentos-python/basico-02/tipos-avancados/tuplas/index.html (+3ms)
09:22:13   ├─ /docs/projetos/ensino/tfdt/trilha/paradas/ambiente/versionamento/utilizando-git/indo-alem/05b-acesso-ssh/index.html (+6ms)
09:22:13   └─ /docs/projetos/ensino/tfdt/trilha/paradas/ambiente/versionamento/utilizando-git/indo-alem/05c-integrar-branches/index.html (+3ms)
09:22:13 λ src/pages/sitemap.xml.ts
09:22:13   └─ /sitemap.xml (+1ms)
09:22:13 ▶ src/pages/[lang]/busca.astro
09:22:13   ├─ /pt/busca/index.html (+3ms)
09:22:13   ├─ /en/busca/index.html (+3ms)
09:22:13   └─ /es/busca/index.html (+1ms)
09:22:13 ▶ src/pages/[lang]/busca2.astro
09:22:13   ├─ /pt/busca2/index.html (+1ms)
09:22:13   ├─ /en/busca2/index.html (+2ms)
09:22:13   └─ /es/busca2/index.html (+1ms)
09:22:13 ▶ src/pages/[lang]/tes.astro
09:22:13   ├─ /pt/tes/index.html (+2ms)
09:22:13   ├─ /en/tes/index.html (+1ms)
09:22:13   └─ /es/tes/index.html (+1ms)
09:22:13 ▶ src/pages/[lang]/[list].astro
09:22:13   ├─ /pt/noticias/index.html (+4ms)
09:22:13   ├─ /en/news/index.html (+3ms)
09:22:13   └─ /es/noticias/index.html (+3ms)
09:22:13 ▶ src/pages/[lang]/index.astro
09:22:13   ├─ /pt/index.html (+3ms)
09:22:13   ├─ /en/index.html (+2ms)
09:22:13   └─ /es/index.html (+2ms)
09:22:13 ▶ src/pages/[lang]/[...slug].astro
09:22:13 [WARN] [build] Could not render `/pt/noticias` from route `/[lang]/[...slug]` as it conflicts with higher priority route `/[lang]/[list]`.
09:22:13 [WARN] [build] Could not render `/en/news` from route `/[lang]/[...slug]` as it conflicts with higher priority route `/[lang]/[list]`.
09:22:13 [WARN] [build] Could not render `/es/noticias` from route `/[lang]/[...slug]` as it conflicts with higher priority route `/[lang]/[list]`.
09:22:13   ├─ /pt/iniciativas/projetos/index.html (+4ms)
09:22:13   ├─ /en/initiatives/projects/index.html (+3ms)
09:22:13   ├─ /es/iniciativas/proyectos/index.html (+3ms)
09:22:13   ├─ /pt/iniciativas/projetos-de-pesquisa/index.htmlTotal de projetos: 13
Estrutura do primeiro projeto: [
  'id',           'titulo',
  'docente',      'periodo',
  'departamento', 'status',
  'agencia',      'processo',
  'natureza',     'valor',
  'associados',   'resumo',
  'apoioCentro',  'mostrar'
]
 (+4ms)
09:22:13   ├─ /en/initiatives/research-projects/index.htmlTotal de projetos: 13
Estrutura do primeiro projeto: [
  'id',           'titulo',
  'docente',      'periodo',
  'departamento', 'status',
  'agencia',      'processo',
  'natureza',     'valor',
  'associados',   'resumo',
  'apoioCentro',  'mostrar'
]
 (+3ms)
09:22:13   ├─ /es/iniciativas/proyectos-de-investigacion/index.htmlTotal de projetos: 13
Estrutura do primeiro projeto: [
  'id',           'titulo',
  'docente',      'periodo',
  'departamento', 'status',
  'agencia',      'processo',
  'natureza',     'valor',
  'associados',   'resumo',
  'apoioCentro',  'mostrar'
]
 (+4ms)
09:22:13   ├─ /pt/iniciativas/projetos-de-dados/index.html (+3ms)
09:22:13   ├─ /en/initiatives/data-projects/index.html (+3ms)
09:22:13   ├─ /es/iniciativas/proyectos-de-datos/index.html (+3ms)
09:22:13   ├─ /pt/iniciativas/cafe-com-ciencia/index.html (+3ms)
09:22:13   ├─ /en/initiatives/coffee-with-science/index.html (+3ms)
09:22:13   ├─ /es/iniciativas/cafe-con-ciencia/index.html (+5ms)
09:22:13   ├─ /pt/iniciativas/publicacoes/index.html (+3ms)
09:22:13   ├─ /en/initiatives/publications/index.html (+3ms)
09:22:13   ├─ /es/iniciativas/publicaciones/index.html (+3ms)
09:22:13   ├─ /pt/iniciativas/material-de-apoio/index.html (+3ms)
09:22:13   ├─ /en/initiatives/support-material/index.html (+3ms)
09:22:13   ├─ /es/iniciativas/material-de-apoyo/index.html (+3ms)
09:22:13   ├─ /pt/iniciativas/oficinas/index.html (+7ms)
09:22:13   ├─ /en/initiatives/workshops/index.html (+3ms)
09:22:13   ├─ /es/iniciativas/talleres/index.html (+8ms)
09:22:13   ├─ /pt/iniciativas/solucoes-tecnologicas/index.html (+3ms)
09:22:13   ├─ /en/initiatives/technological-solutions/index.html (+3ms)
09:22:13   ├─ /es/iniciativas/soluciones-tecnologicas/index.html (+3ms)
09:22:13   ├─ /pt/iniciativas/parcerias/index.html (+3ms)
09:22:13   ├─ /en/initiatives/partnerships/index.html (+3ms)
09:22:13   ├─ /es/iniciativas/alianzas/index.html (+2ms)
09:22:13   ├─ /pt/institucional/sobre/index.html (+28ms)
09:22:13   ├─ /en/institutional/about/index.html (+4ms)
09:22:13   ├─ /es/institucional/sobre/index.html (+4ms)
09:22:13   ├─ /pt/institucional/equipe/index.html (+6ms)
09:22:13   ├─ /en/institutional/team/index.html (+7ms)
09:22:13   ├─ /es/institucional/equipo/index.html (+5ms)
09:22:13   ├─ /pt/institucional/documentos/index.html (+3ms)
09:22:13   ├─ /en/institutional/documents/index.html (+4ms)
09:22:13   ├─ /es/institucional/documentos/index.html (+3ms)
09:22:13   ├─ /en/news/experience-sussex/index.html (+7ms)
09:22:13   ├─ /pt/noticias/experiencia-sussex-copy/index.html (+6ms)
09:22:13   ├─ /es/noticias/experiencia-sussex-es-trad/index.html (+9ms)
09:22:13   ├─ /es/noticias/experiencia-sussex-es/index.html (+6ms)
09:22:13   ├─ /en/news/experiencia-sussex-en/index.html (+6ms)
09:22:13   ├─ /pt/noticias/experiencia-sussex/index.html (+6ms)
09:22:13   └─ /pt/marcelo-passini-mariano/index.html (+8ms)
09:22:13 ✓ Completed in 1.80s.

 generating optimized images
09:22:13   ▶ /_astro/image.B73scDRr_292TCP.png (reused cache entry) (+1ms) (1/3)
09:22:13   ▶ /_astro/image-1.BvnfPKxu_Z1iX1ie.png (reused cache entry) (+1ms) (2/3)
09:22:13   ▶ /_astro/image-2.C6ruPGYc_tVppL.png (reused cache entry) (+1ms) (3/3)
09:22:13 ✓ Completed in 2ms.

09:22:13 [build] Rearranging server assets...
09:22:16 [pagefind] Pagefind indexed 351 pages
09:22:16 [pagefind] Pagefind wrote index to /app/dist/pagefind
09:22:16 [build] Server built in 9.62s
09:22:16 [build] Complete!

Running Pagefind v1.4.0 (Extended)
Running from: "/app"
Source:       "dist"
Output:       "dist/pagefind"

[Walking source directory]
Found 351 files matching **/*.{html}

[Parsing files]
Found a data-pagefind-body element on the site.
↳ Ignoring pages without this tag.
3 pages found without an <html> element.
Pages without an outer <html> element will not be processed by default.
If adding this element is not possible, use the root selector config to target a different root element.
  * "/pt/tes/" has no <html> element
  * "/es/tes/" has no <html> element
  * "/en/tes/" has no <html> element

[Reading languages]
Discovered 3 languages: en, pt, es

[Building search indexes]
Total:
  Indexed 3 languages
  Indexed 342 pages
  Indexed 9405 words
  Indexed 0 filters
  Indexed 0 sorts

Finished in 2.184 seconds
